CREATE EXTENSION spock;
SELECT spock.spock_max_proto_version();
 spock_max_proto_version 
-------------------------
                       4
(1 row)

SELECT spock.spock_min_proto_version();
 spock_min_proto_version 
-------------------------
                       3
(1 row)

-- test extension version
SELECT spock.spock_version() = extversion
FROM pg_extension
WHERE extname = 'spock';
 ?column? 
----------
 t
(1 row)

DROP EXTENSION spock;
