DO $$
BEGIN
	IF (SELECT setting::integer/100 FROM pg_settings WHERE name = 'server_version_num') = 904 THEN
		CREATE EXTENSION IF NOT EXISTS spock_origin;
	END IF;
END;$$;
CREATE EXTENSION spock;
SELECT spock.spock_max_proto_version();
 spock_max_proto_version 
-------------------------
                       2
(1 row)

SELECT spock.spock_min_proto_version();
 spock_min_proto_version 
-------------------------
                       2
(1 row)

-- test extension version
SELECT spock.spock_version() = extversion
FROM pg_extension
WHERE extname = 'spock';
 ?column? 
----------
 t
(1 row)

DROP EXTENSION spock;
-- test upgrades
DO $$
BEGIN
        IF version() ~ 'Postgres-XL' THEN
                CREATE EXTENSION IF NOT EXISTS spock;
        ELSE
                CREATE EXTENSION IF NOT EXISTS spock VERSION '4.0.10';
        END IF;
END;
$$;
ALTER EXTENSION spock UPDATE;
SELECT spock.spock_version() = extversion
FROM pg_extension
WHERE extname = 'spock';
 ?column? 
----------
 t
(1 row)

DROP EXTENSION spock;
