-- row based filtering
SELECT * FROM spock_regress_variables()
\gset
\c :provider_dsn
-- Do not run for Postgres 18 or higher
SELECT current_setting('server_version_num') >= '180000' as is_pg18_or_higher \gset
\if :is_pg18_or_higher
	\q
